+ ntasks=1
+ nprocx=1
+ nprocy=1
+ export OMP_NUM_THREADS=1
+ OMP_NUM_THREADS=1
+ export GMON_OUT_PREFIX=gmon.out-
+ GMON_OUT_PREFIX=gmon.out-
+ dirHome=/home/atmodynamics/knop/pinc-flow-tracer
+ dirScratch=/scratch/atmodynamics/knop
+ dirNam=/home/atmodynamics/knop/pinc-flow-tracer/input/tests
+ exe=/home/atmodynamics/knop/pinc-flow-tracer/bin/pinc
+ dirWork=/scratch/atmodynamics/knop/output/tests/IGW
+ mkdir /scratch/atmodynamics/knop/output/tests/IGW
mkdir: cannot create directory ‘/scratch/atmodynamics/knop/output/tests/IGW’: File exists
+ cd /scratch/atmodynamics/knop/output/tests/IGW
+ rm bvsStrat.dat dt.dat info.txt input.f90 pf_all.dat pStrat.dat rhoStrat.dat run.log thetaStrat.dat
+ sed -e 's/{nprocx}/1/' -e 's/{nprocy}/1/' /home/atmodynamics/knop/pinc-flow-tracer/input/tests/input_IGW.f90
+ mpirun -np 1 /home/atmodynamics/knop/pinc-flow-tracer/bin/pinc
+ exit 0
