+ ntasks=128
+ nprocx=16
+ nprocy=8
+ export OMP_NUM_THREADS=1
+ OMP_NUM_THREADS=1
+ export GMON_OUT_PREFIX=gmon.out-
+ GMON_OUT_PREFIX=gmon.out-
+ dirHome=/home/atmodynamics/knop/pinc-flow-tracer
+ dirScratch=/scratch/atmodynamics/knop
+ dirNam=/home/atmodynamics/knop/pinc-flow-tracer/input/tests
+ exe=/home/atmodynamics/knop/pinc-flow-tracer/bin/pinc
+ dirWork=/scratch/atmodynamics/knop/output/tests/hotBubble3D
+ mkdir /scratch/atmodynamics/knop/output/tests/hotBubble3D
+ cd /scratch/atmodynamics/knop/output/tests/hotBubble3D
+ rm '*'
rm: cannot remove ‘*’: No such file or directory
+ sed -e 's/{nprocx}/16/' -e 's/{nprocy}/8/' /home/atmodynamics/knop/pinc-flow-tracer/input/tests/input_hotBubble3D.f90
+ mpirun -np 128 /home/atmodynamics/knop/pinc-flow-tracer/bin/pinc
+ exit 0
