+ ntasks=147
+ nprocx=7
+ nprocy=21
+ export OMP_NUM_THREADS=1
+ OMP_NUM_THREADS=1
+ export GMON_OUT_PREFIX=gmon.out-
+ GMON_OUT_PREFIX=gmon.out-
+ dirHome=/home/atmodynamics/knop/pinc-flow-tracer
+ dirScratch=/scratch/atmodynamics/knop
+ dirNam=/home/atmodynamics/knop/pinc-flow-tracer/input/tests
+ exe=/home/atmodynamics/knop/pinc-flow-tracer/bin/pinc
+ dirWork=/scratch/atmodynamics/knop/output/tests/barLC
+ mkdir /scratch/atmodynamics/knop/output/tests/barLC
mkdir: cannot create directory ‘/scratch/atmodynamics/knop/output/tests/barLC’: File exists
+ cd /scratch/atmodynamics/knop/output/tests/barLC
+ rm bvsStrat.dat dt.dat fluxes.dat info.txt input.f90 pf_all.dat pStrat.dat rhoStrat.dat run.log thetaStrat.dat
+ sed -e 's/{nprocx}/7/' -e 's/{nprocy}/21/' /home/atmodynamics/knop/pinc-flow-tracer/input/tests/input_barLC.f90
+ mpirun -np 147 /home/atmodynamics/knop/pinc-flow-tracer/bin/pinc
+ exit 0
