+ ntasks=128
+ nprocx=128
+ nprocy=1
+ export OMP_NUM_THREADS=1
+ OMP_NUM_THREADS=1
+ export GMON_OUT_PREFIX=gmon.out-
+ GMON_OUT_PREFIX=gmon.out-
+ dirHome=/home/atmodynamics/knop/pinc-flow-tracer
+ dirScratch=/scratch/atmodynamics/knop
+ dirNam=/home/atmodynamics/knop/pinc-flow-tracer/input/tests
+ exe=/home/atmodynamics/knop/pinc-flow-tracer/bin/pinc
+ dirWork=/scratch/atmodynamics/knop/output/tests/coldBubble
+ mkdir /scratch/atmodynamics/knop/output/tests/coldBubble
+ cd /scratch/atmodynamics/knop/output/tests/coldBubble
+ rm '*'
rm: cannot remove ‘*’: No such file or directory
+ sed -e 's/{nprocx}/128/' -e 's/{nprocy}/1/' /home/atmodynamics/knop/pinc-flow-tracer/input/tests/input_coldBubble.f90
+ mpirun -np 128 /home/atmodynamics/knop/pinc-flow-tracer/bin/pinc
+ exit 0
