+ ntasks=128
+ nprocx=64
+ nprocy=2
+ export OMP_NUM_THREADS=1
+ OMP_NUM_THREADS=1
+ export GMON_OUT_PREFIX=gmon.out-
+ GMON_OUT_PREFIX=gmon.out-
+ dirHome=/home/atmodynamics/knop/pinc-flow-tracer
+ dirScratch=/scratch/atmodynamics/knop
+ dirNam=/home/atmodynamics/knop/pinc-flow-tracer/input/tests
+ exe=/home/atmodynamics/knop/pinc-flow-tracer/bin/pinc
+ dirWork=/scratch/atmodynamics/knop/output/tests/wavePacket3D
+ mkdir /scratch/atmodynamics/knop/output/tests/wavePacket3D
+ cd /scratch/atmodynamics/knop/output/tests/wavePacket3D
+ rm '*'
rm: cannot remove ‘*’: No such file or directory
+ sed -e 's/{nprocx}/64/' -e 's/{nprocy}/2/' /home/atmodynamics/knop/pinc-flow-tracer/input/tests/input_wavePacket3D.f90
+ mpirun -np 128 /home/atmodynamics/knop/pinc-flow-tracer/bin/pinc
+ exit 0
